[ 2025-11-16 04:39:15,391 ] dagshub.auth.tokens - DEBUG - Loading token cache from C:\Users\kumar\AppData\Local\dagshub\dagshub\Cache\tokens
[ 2025-11-16 04:39:15,417 ] httpcore.connection - DEBUG - connect_tcp.started host='dagshub.com' port=443 local_address=None timeout=30 socket_options=None
[ 2025-11-16 04:39:15,584 ] httpcore.connection - DEBUG - connect_tcp.complete return_value=<httpcore._backends.sync.SyncStream object at 0x000002AF92ADA120>
[ 2025-11-16 04:39:15,585 ] httpcore.connection - DEBUG - start_tls.started ssl_context=<ssl.SSLContext object at 0x000002AF92AC9760> server_hostname='dagshub.com' timeout=30
[ 2025-11-16 04:39:15,792 ] httpcore.connection - DEBUG - start_tls.complete return_value=<httpcore._backends.sync.SyncStream object at 0x000002AF92B1C550>
[ 2025-11-16 04:39:15,793 ] httpcore.http11 - DEBUG - send_request_headers.started request=<Request [b'GET']>
[ 2025-11-16 04:39:15,793 ] httpcore.http11 - DEBUG - send_request_headers.complete
[ 2025-11-16 04:39:15,793 ] httpcore.http11 - DEBUG - send_request_body.started request=<Request [b'GET']>
[ 2025-11-16 04:39:15,794 ] httpcore.http11 - DEBUG - send_request_body.complete
[ 2025-11-16 04:39:15,794 ] httpcore.http11 - DEBUG - receive_response_headers.started request=<Request [b'GET']>
[ 2025-11-16 04:39:16,597 ] httpcore.http11 - DEBUG - receive_response_headers.complete return_value=(b'HTTP/1.1', 200, b'OK', [(b'Date', b'Sat, 15 Nov 2025 23:09:17 GMT'), (b'Content-Type', b'application/json; charset=UTF-8'), (b'Transfer-Encoding', b'chunked'), (b'Connection', b'keep-alive'), (b'Vary', b'Accept-Encoding'), (b'Access-Control-Allow-Origin', b'*'), (b'Content-Security-Policy', b"frame-ancestors 'self' https://colab.research.google.com https://*.googleusercontent.com https://console.paperspace.com https://deepnoteworkspace.com https://deepnote.com https://*.mybinder.org; upgrade-insecure-requests;"), (b'Referrer-Policy', b'origin-when-cross-origin'), (b'Set-Cookie', b'lang=en-US; Path=/; Max-Age=2147483647'), (b'Set-Cookie', b'i_like_dags_new=f5459901ea62e84a; Path=/; HttpOnly; Secure; SameSite=Lax'), (b'Set-Cookie', b'_csrf=xFlVHLkbGGUmp1Wq5znoT-cq1P86MTc2MzI0ODE1NjkzMzU1ODg3MQ; Path=/; Expires=Sun, 16 Nov 2025 23:09:16 GMT'), (b'Strict-Transport-Security', b'max-age=600;'), (b'X-Content-Type-Options', b'nosniff;'), (b'X-Dagshub-Support-Id', b'a750f30a-9b6f-4155-a798-1140f43b0087'), (b'Cache-Control', b'private, no-store, no-cache, max-age=0, must-revalidate'), (b'Pragma', b'no-cache'), (b'Expires', b'0'), (b'Content-Encoding', b'gzip'), (b'x-azure-ref', b'20251115T230916Z-15df84dfcd5hxcfrhC1MAA8nc400000002wg000000001x1c'), (b'x-fd-int-roxy-purgeid', b'3'), (b'X-Cache', b'PRIVATE_NOSTORE')])
[ 2025-11-16 04:39:16,598 ] httpx - INFO - HTTP Request: GET https://dagshub.com/api/v1/user "HTTP/1.1 200 OK"
[ 2025-11-16 04:39:16,599 ] httpcore.http11 - DEBUG - receive_response_body.started request=<Request [b'GET']>
[ 2025-11-16 04:39:16,599 ] httpcore.http11 - DEBUG - receive_response_body.complete
[ 2025-11-16 04:39:16,599 ] httpcore.http11 - DEBUG - response_closed.started
[ 2025-11-16 04:39:16,600 ] httpcore.http11 - DEBUG - response_closed.complete
[ 2025-11-16 04:39:16,600 ] httpcore.connection - DEBUG - close.started
[ 2025-11-16 04:39:16,600 ] httpcore.connection - DEBUG - close.complete
[ 2025-11-16 04:39:16,610 ] dagshub - INFO - Accessing as kumarashutoshbtech2023
[ 2025-11-16 04:39:16,636 ] httpcore.connection - DEBUG - connect_tcp.started host='dagshub.com' port=443 local_address=None timeout=30 socket_options=None
[ 2025-11-16 04:39:16,711 ] httpcore.connection - DEBUG - connect_tcp.complete return_value=<httpcore._backends.sync.SyncStream object at 0x000002AF92B1CCD0>
[ 2025-11-16 04:39:16,711 ] httpcore.connection - DEBUG - start_tls.started ssl_context=<ssl.SSLContext object at 0x000002AF92AC97F0> server_hostname='dagshub.com' timeout=30
[ 2025-11-16 04:39:16,920 ] httpcore.connection - DEBUG - start_tls.complete return_value=<httpcore._backends.sync.SyncStream object at 0x000002AF92AF1350>
[ 2025-11-16 04:39:16,920 ] httpcore.http11 - DEBUG - send_request_headers.started request=<Request [b'GET']>
[ 2025-11-16 04:39:16,921 ] httpcore.http11 - DEBUG - send_request_headers.complete
[ 2025-11-16 04:39:16,921 ] httpcore.http11 - DEBUG - send_request_body.started request=<Request [b'GET']>
[ 2025-11-16 04:39:16,922 ] httpcore.http11 - DEBUG - send_request_body.complete
[ 2025-11-16 04:39:16,922 ] httpcore.http11 - DEBUG - receive_response_headers.started request=<Request [b'GET']>
[ 2025-11-16 04:39:17,837 ] httpcore.http11 - DEBUG - receive_response_headers.complete return_value=(b'HTTP/1.1', 200, b'OK', [(b'Date', b'Sat, 15 Nov 2025 23:09:18 GMT'), (b'Content-Type', b'application/json; charset=UTF-8'), (b'Transfer-Encoding', b'chunked'), (b'Connection', b'keep-alive'), (b'Vary', b'Accept-Encoding'), (b'Access-Control-Allow-Origin', b'*'), (b'Content-Security-Policy', b"frame-ancestors 'self' https://colab.research.google.com https://*.googleusercontent.com https://console.paperspace.com https://deepnoteworkspace.com https://deepnote.com https://*.mybinder.org; upgrade-insecure-requests;"), (b'Referrer-Policy', b'origin-when-cross-origin'), (b'Set-Cookie', b'lang=en-US; Path=/; Max-Age=2147483647'), (b'Set-Cookie', b'i_like_dags_new=5a8f7811ccde57f0; Path=/; HttpOnly; Secure; SameSite=Lax'), (b'Set-Cookie', b'_csrf=NPTgZzDpnYQlPkMEhVr0qismBN06MTc2MzI0ODE1ODA2NDE0NDExMg; Path=/; Expires=Sun, 16 Nov 2025 23:09:18 GMT'), (b'Strict-Transport-Security', b'max-age=600;'), (b'X-Content-Type-Options', b'nosniff;'), (b'X-Dagshub-Support-Id', b'6e053a3d-0159-4fdb-bcfc-e2a5f7255ccb'), (b'Cache-Control', b'private, no-store, no-cache, max-age=0, must-revalidate'), (b'Pragma', b'no-cache'), (b'Expires', b'0'), (b'Content-Encoding', b'gzip'), (b'x-azure-ref', b'20251115T230917Z-164d9d6c96d5qjpphC1MAA95gs0000000kbg0000000037sm'), (b'x-fd-int-roxy-purgeid', b'3'), (b'X-Cache', b'PRIVATE_NOSTORE')])
[ 2025-11-16 04:39:17,838 ] httpx - INFO - HTTP Request: GET https://dagshub.com/api/v1/repos/kumarashutoshbtech2023/capstone-end-2-end-project "HTTP/1.1 200 OK"
[ 2025-11-16 04:39:17,838 ] httpcore.http11 - DEBUG - receive_response_body.started request=<Request [b'GET']>
[ 2025-11-16 04:39:17,839 ] httpcore.http11 - DEBUG - receive_response_body.complete
[ 2025-11-16 04:39:17,839 ] httpcore.http11 - DEBUG - response_closed.started
[ 2025-11-16 04:39:17,839 ] httpcore.http11 - DEBUG - response_closed.complete
[ 2025-11-16 04:39:17,840 ] httpcore.connection - DEBUG - close.started
[ 2025-11-16 04:39:17,840 ] httpcore.connection - DEBUG - close.complete
[ 2025-11-16 04:39:17,868 ] httpcore.connection - DEBUG - connect_tcp.started host='dagshub.com' port=443 local_address=None timeout=30 socket_options=None
[ 2025-11-16 04:39:18,058 ] httpcore.connection - DEBUG - connect_tcp.complete return_value=<httpcore._backends.sync.SyncStream object at 0x000002AF92AF22C0>
[ 2025-11-16 04:39:18,058 ] httpcore.connection - DEBUG - start_tls.started ssl_context=<ssl.SSLContext object at 0x000002AF92AC9910> server_hostname='dagshub.com' timeout=30
[ 2025-11-16 04:39:18,456 ] httpcore.connection - DEBUG - start_tls.complete return_value=<httpcore._backends.sync.SyncStream object at 0x000002AF92AECDD0>
[ 2025-11-16 04:39:18,457 ] httpcore.http11 - DEBUG - send_request_headers.started request=<Request [b'GET']>
[ 2025-11-16 04:39:18,458 ] httpcore.http11 - DEBUG - send_request_headers.complete
[ 2025-11-16 04:39:18,458 ] httpcore.http11 - DEBUG - send_request_body.started request=<Request [b'GET']>
[ 2025-11-16 04:39:18,458 ] httpcore.http11 - DEBUG - send_request_body.complete
[ 2025-11-16 04:39:18,459 ] httpcore.http11 - DEBUG - receive_response_headers.started request=<Request [b'GET']>
[ 2025-11-16 04:39:19,373 ] httpcore.http11 - DEBUG - receive_response_headers.complete return_value=(b'HTTP/1.1', 200, b'OK', [(b'Date', b'Sat, 15 Nov 2025 23:09:19 GMT'), (b'Content-Type', b'application/json; charset=UTF-8'), (b'Transfer-Encoding', b'chunked'), (b'Connection', b'keep-alive'), (b'Vary', b'Accept-Encoding'), (b'Access-Control-Allow-Origin', b'*'), (b'Content-Security-Policy', b"frame-ancestors 'self' https://colab.research.google.com https://*.googleusercontent.com https://console.paperspace.com https://deepnoteworkspace.com https://deepnote.com https://*.mybinder.org; upgrade-insecure-requests;"), (b'Referrer-Policy', b'origin-when-cross-origin'), (b'Set-Cookie', b'lang=en-US; Path=/; Max-Age=2147483647'), (b'Set-Cookie', b'i_like_dags_new=3a1756a87cdbf030; Path=/; HttpOnly; Secure; SameSite=Lax'), (b'Set-Cookie', b'_csrf=ftaxGSAM7b0HLTxe8xExHTSFy1Q6MTc2MzI0ODE1OTYyMTE4Mjc5Mw; Path=/; Expires=Sun, 16 Nov 2025 23:09:19 GMT'), (b'Strict-Transport-Security', b'max-age=600;'), (b'X-Content-Type-Options', b'nosniff;'), (b'X-Dagshub-Support-Id', b'f10d7450-8fae-4d26-85ad-959f161add15'), (b'Cache-Control', b'private, no-store, no-cache, max-age=0, must-revalidate'), (b'Pragma', b'no-cache'), (b'Expires', b'0'), (b'Content-Encoding', b'gzip'), (b'x-azure-ref', b'20251115T230919Z-15df84dfcd5qnd5whC1MAA8a24000000196g000000000f70'), (b'x-fd-int-roxy-purgeid', b'3'), (b'X-Cache', b'PRIVATE_NOSTORE')])
[ 2025-11-16 04:39:19,374 ] httpx - INFO - HTTP Request: GET https://dagshub.com/api/v1/user "HTTP/1.1 200 OK"
[ 2025-11-16 04:39:19,374 ] httpcore.http11 - DEBUG - receive_response_body.started request=<Request [b'GET']>
[ 2025-11-16 04:39:19,375 ] httpcore.http11 - DEBUG - receive_response_body.complete
[ 2025-11-16 04:39:19,375 ] httpcore.http11 - DEBUG - response_closed.started
[ 2025-11-16 04:39:19,375 ] httpcore.http11 - DEBUG - response_closed.complete
[ 2025-11-16 04:39:19,375 ] httpcore.connection - DEBUG - close.started
[ 2025-11-16 04:39:19,375 ] httpcore.connection - DEBUG - close.complete
[ 2025-11-16 04:39:19,379 ] dagshub - INFO - Initialized MLflow to track repo "kumarashutoshbtech2023/capstone-end-2-end-project"
[ 2025-11-16 04:39:19,380 ] dagshub - INFO - Repository kumarashutoshbtech2023/capstone-end-2-end-project initialized!
[ 2025-11-16 04:39:19,466 ] urllib3.connectionpool - DEBUG - Starting new HTTPS connection (1): dagshub.com:443
[ 2025-11-16 04:39:20,909 ] urllib3.connectionpool - DEBUG - https://dagshub.com:443 "GET /kumarashutoshbtech2023/capstone-end-2-end-project.mlflow/api/2.0/mlflow/experiments/get-by-name?experiment_name=dvc-capstone-pipeline HTTP/1.1" 200 None
[ 2025-11-16 04:39:21,068 ] git.cmd - DEBUG - Popen(['git', 'version'], cwd=C:\Users\kumar\OneDrive\Desktop\mlops_engg\capstone\capstone-end-2-end-project, stdin=None, shell=False, universal_newlines=False)
[ 2025-11-16 04:39:21,155 ] git.cmd - DEBUG - Popen(['git', 'version'], cwd=C:\Users\kumar\OneDrive\Desktop\mlops_engg\capstone\capstone-end-2-end-project, stdin=None, shell=False, universal_newlines=False)
[ 2025-11-16 04:39:21,240 ] git.util - DEBUG - sys.platform='win32', git_executable='git'
[ 2025-11-16 04:39:21,243 ] git.cmd - DEBUG - Popen(['git', 'check-ignore', 'C:\\Users\\kumar\\OneDrive\\Desktop\\mlops_engg\\capstone\\capstone-end-2-end-project\\capstone_project\\src\\model'], cwd=C:\Users\kumar\OneDrive\Desktop\mlops_engg\capstone\capstone-end-2-end-project, stdin=None, shell=False, universal_newlines=False)
[ 2025-11-16 04:39:21,351 ] git.cmd - DEBUG - Popen(['git', 'cat-file', '--batch-check'], cwd=C:\Users\kumar\OneDrive\Desktop\mlops_engg\capstone\capstone-end-2-end-project, stdin=<valid stream>, shell=False, universal_newlines=False)
[ 2025-11-16 04:39:22,445 ] urllib3.connectionpool - DEBUG - https://dagshub.com:443 "POST /kumarashutoshbtech2023/capstone-end-2-end-project.mlflow/api/2.0/mlflow/runs/create HTTP/1.1" 200 None
[ 2025-11-16 04:39:22,453 ] urllib3.connectionpool - DEBUG - Starting new HTTPS connection (1): config.mlflow-telemetry.io:443
[ 2025-11-16 04:39:22,580 ] root - INFO - model loaded from capstone_project/models/model.pkl
[ 2025-11-16 04:39:22,589 ] root - DEBUG - data retrieved from capstone_project/data/processed/transformed_test.csv
[ 2025-11-16 04:39:22,604 ] root - INFO - model evaluation metrics calculated
[ 2025-11-16 04:39:22,606 ] root - INFO - Metrics saved to capstone_project/reports/metrics.json
[ 2025-11-16 04:39:23,059 ] urllib3.connectionpool - DEBUG - https://dagshub.com:443 "POST /kumarashutoshbtech2023/capstone-end-2-end-project.mlflow/api/2.0/mlflow/runs/log-metric HTTP/1.1" 200 2
[ 2025-11-16 04:39:23,065 ] urllib3.connectionpool - DEBUG - https://config.mlflow-telemetry.io:443 "GET /3.5.0.json HTTP/1.1" 200 215
[ 2025-11-16 04:39:23,571 ] urllib3.connectionpool - DEBUG - https://dagshub.com:443 "POST /kumarashutoshbtech2023/capstone-end-2-end-project.mlflow/api/2.0/mlflow/runs/log-metric HTTP/1.1" 200 2
[ 2025-11-16 04:39:23,954 ] urllib3.connectionpool - DEBUG - https://dagshub.com:443 "POST /kumarashutoshbtech2023/capstone-end-2-end-project.mlflow/api/2.0/mlflow/runs/log-metric HTTP/1.1" 200 2
[ 2025-11-16 04:39:24,159 ] urllib3.connectionpool - DEBUG - Starting new HTTPS connection (1): api.mlflow-telemetry.io:443
[ 2025-11-16 04:39:24,341 ] urllib3.connectionpool - DEBUG - https://dagshub.com:443 "POST /kumarashutoshbtech2023/capstone-end-2-end-project.mlflow/api/2.0/mlflow/runs/log-metric HTTP/1.1" 200 2
[ 2025-11-16 04:39:24,800 ] urllib3.connectionpool - DEBUG - https://dagshub.com:443 "POST /kumarashutoshbtech2023/capstone-end-2-end-project.mlflow/api/2.0/mlflow/runs/log-parameter HTTP/1.1" 200 2
[ 2025-11-16 04:39:25,212 ] urllib3.connectionpool - DEBUG - https://dagshub.com:443 "POST /kumarashutoshbtech2023/capstone-end-2-end-project.mlflow/api/2.0/mlflow/runs/log-parameter HTTP/1.1" 200 2
[ 2025-11-16 04:39:25,316 ] urllib3.connectionpool - DEBUG - https://api.mlflow-telemetry.io:443 "POST /log HTTP/1.1" 200 30
[ 2025-11-16 04:39:25,724 ] urllib3.connectionpool - DEBUG - https://dagshub.com:443 "POST /kumarashutoshbtech2023/capstone-end-2-end-project.mlflow/api/2.0/mlflow/runs/log-parameter HTTP/1.1" 200 2
[ 2025-11-16 04:39:26,152 ] urllib3.connectionpool - DEBUG - https://dagshub.com:443 "POST /kumarashutoshbtech2023/capstone-end-2-end-project.mlflow/api/2.0/mlflow/runs/log-parameter HTTP/1.1" 200 2
[ 2025-11-16 04:39:26,596 ] urllib3.connectionpool - DEBUG - https://dagshub.com:443 "POST /kumarashutoshbtech2023/capstone-end-2-end-project.mlflow/api/2.0/mlflow/runs/log-parameter HTTP/1.1" 200 2
[ 2025-11-16 04:39:27,056 ] urllib3.connectionpool - DEBUG - https://dagshub.com:443 "POST /kumarashutoshbtech2023/capstone-end-2-end-project.mlflow/api/2.0/mlflow/runs/log-parameter HTTP/1.1" 200 2
[ 2025-11-16 04:39:27,565 ] urllib3.connectionpool - DEBUG - https://dagshub.com:443 "POST /kumarashutoshbtech2023/capstone-end-2-end-project.mlflow/api/2.0/mlflow/runs/log-parameter HTTP/1.1" 200 2
[ 2025-11-16 04:39:27,975 ] urllib3.connectionpool - DEBUG - https://dagshub.com:443 "POST /kumarashutoshbtech2023/capstone-end-2-end-project.mlflow/api/2.0/mlflow/runs/log-parameter HTTP/1.1" 200 2
[ 2025-11-16 04:39:28,486 ] urllib3.connectionpool - DEBUG - https://dagshub.com:443 "POST /kumarashutoshbtech2023/capstone-end-2-end-project.mlflow/api/2.0/mlflow/runs/log-parameter HTTP/1.1" 200 2
[ 2025-11-16 04:39:28,897 ] urllib3.connectionpool - DEBUG - https://dagshub.com:443 "POST /kumarashutoshbtech2023/capstone-end-2-end-project.mlflow/api/2.0/mlflow/runs/log-parameter HTTP/1.1" 200 2
[ 2025-11-16 04:39:29,408 ] urllib3.connectionpool - DEBUG - https://dagshub.com:443 "POST /kumarashutoshbtech2023/capstone-end-2-end-project.mlflow/api/2.0/mlflow/runs/log-parameter HTTP/1.1" 200 2
[ 2025-11-16 04:39:29,818 ] urllib3.connectionpool - DEBUG - https://dagshub.com:443 "POST /kumarashutoshbtech2023/capstone-end-2-end-project.mlflow/api/2.0/mlflow/runs/log-parameter HTTP/1.1" 200 2
[ 2025-11-16 04:39:30,228 ] urllib3.connectionpool - DEBUG - https://dagshub.com:443 "POST /kumarashutoshbtech2023/capstone-end-2-end-project.mlflow/api/2.0/mlflow/runs/log-parameter HTTP/1.1" 200 2
[ 2025-11-16 04:39:30,636 ] urllib3.connectionpool - DEBUG - https://dagshub.com:443 "POST /kumarashutoshbtech2023/capstone-end-2-end-project.mlflow/api/2.0/mlflow/runs/log-parameter HTTP/1.1" 200 2
[ 2025-11-16 04:39:31,458 ] urllib3.connectionpool - DEBUG - https://dagshub.com:443 "POST /kumarashutoshbtech2023/capstone-end-2-end-project.mlflow/api/2.0/mlflow/runs/log-parameter HTTP/1.1" 200 2
[ 2025-11-16 04:39:31,460 ] root - DEBUG - Model info saved to capstone_project/reports/experiment_info.json
[ 2025-11-16 04:39:32,377 ] urllib3.connectionpool - DEBUG - https://dagshub.com:443 "GET /kumarashutoshbtech2023/capstone-end-2-end-project.mlflow/api/2.0/mlflow/runs/get?run_uuid=75e8801673af4e8783145b059d41aefe&run_id=75e8801673af4e8783145b059d41aefe HTTP/1.1" 200 None
[ 2025-11-16 04:39:33,505 ] urllib3.connectionpool - DEBUG - https://dagshub.com:443 "PUT /kumarashutoshbtech2023/capstone-end-2-end-project.mlflow/api/2.0/mlflow-artifacts/artifacts/447dd5164a944186b036106e6cff35e4/75e8801673af4e8783145b059d41aefe/artifacts/metrics.json HTTP/1.1" 200 2
[ 2025-11-16 04:39:34,374 ] urllib3.connectionpool - DEBUG - Starting new HTTPS connection (1): api.mlflow-telemetry.io:443
[ 2025-11-16 04:39:34,396 ] urllib3.connectionpool - DEBUG - https://dagshub.com:443 "GET /kumarashutoshbtech2023/capstone-end-2-end-project.mlflow/api/2.0/mlflow/runs/get?run_uuid=75e8801673af4e8783145b059d41aefe&run_id=75e8801673af4e8783145b059d41aefe HTTP/1.1" 200 None
[ 2025-11-16 04:39:35,451 ] urllib3.connectionpool - DEBUG - https://dagshub.com:443 "POST /kumarashutoshbtech2023/capstone-end-2-end-project.mlflow/api/2.0/mlflow/runs/update HTTP/1.1" 200 None
[ 2025-11-16 04:39:35,452 ] urllib3.connectionpool - DEBUG - https://api.mlflow-telemetry.io:443 "POST /log HTTP/1.1" 200 30
